$ next build
▲ Next.js 16.3.3 (Turbopack)
- Environments: .env.local
✓ Running next.config.ts took 122ms

  Creating an optimized production build ...
✓ Compiled successfully in 4.6s
  Running TypeScript ...
  Finished TypeScript in 4.5s ...
  Collecting page data using 15 workers ...
  Generating static pages using 15 workers (0/9659) ...
  Generating static pages using 15 workers (2414/9659) 
Error occurred prerendering page "/site/high-properties/properties/birla-navya-avik-phase-1-sector-63a". Read more: https://nextjs.org/docs/messages/prerender-error
Error occurred prerendering page "/site/high-properties/sectors/84". Read more: https://nextjs.org/docs/messages/prerender-error
Error: Failed query: select "id", "client_id", "slug", "title", "property_type", "purpose", "status", "price", "price_label", "price_per_sqft", "sector", "locality", "corridor", "beds", "baths", "area", "area_unit", "badge", "developer", "rera_number", "description", "amenities", "specs", "video_url", "is_featured", "is_active", "sort_order", "created_at", "updated_at" from "properties" where ("properties"."client_id" = $1 and "properties"."is_active" = $2) order by "properties"."is_featured" desc, "properties"."sort_order" asc
params: 1eb3b333-aacf-4e2a-bc0c-d8fca1eda9e7,true
    at async j (app\site\[tenant]\(public)\sectors\[sector]\page.tsx:24:16)
    at async Module.l [as generateMetadata] (app\site\[tenant]\(public)\sectors\[sector]\page.tsx:41:29)
  22 | /** Reverse the slug back to the label the register uses ("63a" -> "63A"). */
  23 | async function resolveSector(tenantId: string, slug: string) {
> 24 |   const rows = await getProperties(tenantId);
     |                ^
  25 |   return rows.find((r) => r.sector && sectorSlug(r.sector) === slug.toLowerCase())?.sector ?? null;
  26 | }
  27 | {
  query: 'select "id", "client_id", "slug", "title", "property_type", "purpose", "status", "price", "price_label", "price_per_sqft", "sector", "locality", "corridor", "beds", "baths", "area", "area_unit", "badge", "developer", "rera_number", "description", "amenities", "specs", "video_url", "is_featured", "is_active", "sort_order", "created_at", "updated_at" from "properties" where ("properties"."client_id" = $1 and "properties"."is_active" = $2) order by "properties"."is_featured" desc, "properties"."sort_order" asc',
  params: [ '1eb3b333-aacf-4e2a-bc0c-d8fca1eda9e7', true ],
  digest: '2263799197',
  [cause]: i: out of memory
      at ignore-listed frames {
    severity_local: 'ERROR',
    severity: 'ERROR',
    code: '53200',
    detail: 'Failed on request of size 1408 in memory context "Caller tuples".',
    file: 'mcxt.c',
    line: '1167',
    routine: 'MemoryContextAllocationFailure'
  }
}
Export encountered an error on /site/[tenant]/(public)/sectors/[sector]/page: /site/high-properties/sectors/84, exiting the build.
Error: Failed query: select "id", "client_id", "slug", "title", "category", "summary", "overview", "who_needs_this", "scope_of_assistance", "documents_required", "engagement_process", "timelines", "considerations", "faqs", "is_ca_exclusive", "is_active", "sort_order", "reviewed_by", "last_reviewed_at", "updated_at" from "services" where ("services"."client_id" = $1 and "services"."is_active" = $2) order by "services"."sort_order" asc
params: 1eb3b333-aacf-4e2a-bc0c-d8fca1eda9e7,true
    at async T (app\site\[tenant]\(public)\layout.tsx:70:42)
  68 |
  69 |   const basePath = basePathFor(tenant);
> 70 |   const [settings, deadline, services] = await Promise.all([
     |                                          ^
  71 |     getFirmSettings(tenant.id),
  72 |     getNextDeadline(tenant.id),
  73 |     getServices(tenant.id), {
  query: 'select "id", "client_id", "slug", "title", "category", "summary", "overview", "who_needs_this", "scope_of_assistance", "documents_required", "engagement_process", "timelines", "considerations", "faqs", "is_ca_exclusive", "is_active", "sort_order", "reviewed_by", "last_reviewed_at", "updated_at" from "services" where ("services"."client_id" = $1 and "services"."is_active" = $2) order by "services"."sort_order" asc',
  params: [ '1eb3b333-aacf-4e2a-bc0c-d8fca1eda9e7', true ],
  digest: '1764887861',
  [cause]: i: out of memory
      at ignore-listed frames {
    severity_local: 'ERROR',
    severity: 'ERROR',
    code: '53200',
    detail: 'Failed on request of size 64 in memory context "MessageContext".',
    file: 'mcxt.c',
    line: '1167',
    routine: 'MemoryContextAllocationFailure'
  }
}
Export encountered an error on /site/[tenant]/(public)/properties/[slug]/page: /site/high-properties/properties/birla-navya-avik-phase-1-sector-63a, exiting the build.
  Generating static pages using 15 workers (4829/9659) 
⨯ Next.js build worker exited with code: 1 and signal: null
[ELIFECYCLE] Command failed with exit code 1.
EXIT_CODE=1
